// Jest Snapshot v1, https://goo.gl/fbAQLP

exports[`Article component renders Article 1`] = `
<DocumentFragment>
  <figure>
    <img
      src="dummy data urlToImage"
    />
    <figcaption>
      dummy data author
    </figcaption>
  </figure>
  <p>
    dummy data description
  </p>
  <p>
    dummy data url
  </p>
</DocumentFragment>
`;
